// Jest Snapshot v1, https://goo.gl/fbAQLP

exports[`entityRelationshipMap has properties and derived properties 1`] = `
Object {
  "CLUSTER": Object {
    "1-children": "NAMESPACE NODE ROLE",
    "2-parents": "",
    "3-matches        ": "CLUSTER_CVE CONTROL",
    "4-extendedMatches": "",
    "5-getMatches     ": "CLUSTER_CVE CONTROL",
    "6-getContains        ": "CONTROL DEPLOYMENT IMAGE IMAGE_COMPONENT IMAGE_CVE NAMESPACE NODE NODE_COMPONENT NODE_CVE POLICY ROLE SECRET SERVICE_ACCOUNT SUBJECT",
    "7-isContainedInferred": "CONTROL DEPLOYMENT IMAGE IMAGE_COMPONENT IMAGE_CVE NODE_COMPONENT NODE_CVE POLICY SECRET SERVICE_ACCOUNT SUBJECT",
  },
  "CLUSTER_CVE": Object {
    "1-children": "",
    "2-parents": "",
    "3-matches        ": "",
    "4-extendedMatches": "CLUSTER",
    "5-getMatches     ": "CLUSTER",
    "6-getContains        ": "",
    "7-isContainedInferred": "",
  },
  "CONTROL": Object {
    "1-children": "",
    "2-parents": "",
    "3-matches        ": "CLUSTER DEPLOYMENT NODE",
    "4-extendedMatches": "",
    "5-getMatches     ": "CLUSTER DEPLOYMENT NODE",
    "6-getContains        ": "",
    "7-isContainedInferred": "",
  },
  "DEPLOYMENT": Object {
    "1-children": "IMAGE",
    "2-parents": "CLUSTER NAMESPACE",
    "3-matches        ": "CONTROL POLICY SECRET SERVICE_ACCOUNT",
    "4-extendedMatches": "",
    "5-getMatches     ": "CONTROL POLICY SECRET SERVICE_ACCOUNT",
    "6-getContains        ": "IMAGE IMAGE_COMPONENT IMAGE_CVE",
    "7-isContainedInferred": "IMAGE_COMPONENT IMAGE_CVE",
  },
  "IMAGE": Object {
    "1-children": "IMAGE_COMPONENT",
    "2-parents": "",
    "3-matches        ": "DEPLOYMENT",
    "4-extendedMatches": "",
    "5-getMatches     ": "DEPLOYMENT",
    "6-getContains        ": "IMAGE_COMPONENT IMAGE_CVE",
    "7-isContainedInferred": "IMAGE_CVE",
  },
  "IMAGE_COMPONENT": Object {
    "1-children": "",
    "2-parents": "",
    "3-matches        ": "IMAGE IMAGE_CVE",
    "4-extendedMatches": "DEPLOYMENT",
    "5-getMatches     ": "DEPLOYMENT IMAGE IMAGE_CVE",
    "6-getContains        ": "",
    "7-isContainedInferred": "",
  },
  "IMAGE_CVE": Object {
    "1-children": "",
    "2-parents": "",
    "3-matches        ": "IMAGE_COMPONENT",
    "4-extendedMatches": "DEPLOYMENT IMAGE",
    "5-getMatches     ": "DEPLOYMENT IMAGE IMAGE_COMPONENT",
    "6-getContains        ": "",
    "7-isContainedInferred": "",
  },
  "NAMESPACE": Object {
    "1-children": "DEPLOYMENT SECRET SERVICE_ACCOUNT",
    "2-parents": "CLUSTER",
    "3-matches        ": "",
    "4-extendedMatches": "",
    "5-getMatches     ": "",
    "6-getContains        ": "CONTROL DEPLOYMENT IMAGE IMAGE_COMPONENT IMAGE_CVE POLICY ROLE SECRET SERVICE_ACCOUNT",
    "7-isContainedInferred": "CONTROL IMAGE IMAGE_COMPONENT IMAGE_CVE POLICY ROLE",
  },
  "NODE": Object {
    "1-children": "NODE_COMPONENT",
    "2-parents": "CLUSTER",
    "3-matches        ": "CONTROL",
    "4-extendedMatches": "",
    "5-getMatches     ": "CONTROL",
    "6-getContains        ": "NODE_COMPONENT NODE_CVE",
    "7-isContainedInferred": "NODE_CVE",
  },
  "NODE_COMPONENT": Object {
    "1-children": "",
    "2-parents": "",
    "3-matches        ": "NODE NODE_CVE",
    "4-extendedMatches": "",
    "5-getMatches     ": "NODE NODE_CVE",
    "6-getContains        ": "",
    "7-isContainedInferred": "",
  },
  "NODE_CVE": Object {
    "1-children": "",
    "2-parents": "",
    "3-matches        ": "NODE_COMPONENT",
    "4-extendedMatches": "NODE",
    "5-getMatches     ": "NODE NODE_COMPONENT",
    "6-getContains        ": "",
    "7-isContainedInferred": "",
  },
  "POLICY": Object {
    "1-children": "",
    "2-parents": "",
    "3-matches        ": "DEPLOYMENT",
    "4-extendedMatches": "",
    "5-getMatches     ": "DEPLOYMENT",
    "6-getContains        ": "",
    "7-isContainedInferred": "",
  },
  "ROLE": Object {
    "1-children": "",
    "2-parents": "CLUSTER",
    "3-matches        ": "SERVICE_ACCOUNT SUBJECT",
    "4-extendedMatches": "",
    "5-getMatches     ": "SERVICE_ACCOUNT SUBJECT",
    "6-getContains        ": "",
    "7-isContainedInferred": "",
  },
  "SECRET": Object {
    "1-children": "",
    "2-parents": "NAMESPACE",
    "3-matches        ": "DEPLOYMENT",
    "4-extendedMatches": "",
    "5-getMatches     ": "DEPLOYMENT",
    "6-getContains        ": "",
    "7-isContainedInferred": "",
  },
  "SERVICE_ACCOUNT": Object {
    "1-children": "",
    "2-parents": "NAMESPACE",
    "3-matches        ": "DEPLOYMENT ROLE",
    "4-extendedMatches": "",
    "5-getMatches     ": "DEPLOYMENT ROLE",
    "6-getContains        ": "",
    "7-isContainedInferred": "",
  },
  "SUBJECT": Object {
    "1-children": "",
    "2-parents": "",
    "3-matches        ": "ROLE",
    "4-extendedMatches": "",
    "5-getMatches     ": "ROLE",
    "6-getContains        ": "",
    "7-isContainedInferred": "",
  },
}
`;
